// Vitest Snapshot v1, https://vitest.dev/guide/snapshot.html

exports[`Vuetable - HTML structure > renders the HTML table 1`] = `
<div
  class=""
>
  <!--v-if-->
  <div
    class="vuetable-body-wrapper"
  >
    <table
      class="vuetable ui blue selectable unstackable celled table fixed"
    >
      <colgroup>
        
        
        <col
          class="vuetable-col-code code-0"
        />
        
        
        <col
          class="vuetable-col-describe describe-1"
        />
        
        
        <!--v-if-->
      </colgroup>
      <thead>
        
        
        <tr
          index="0"
        >
          
          
          
          <th
            class="vuetable-th-code"
            id="_code"
          >
            Code
          </th>
          
          
          
          
          <th
            class="vuetable-th-describe"
            id="_describe"
          >
            Describe
          </th>
          
          
          
          <!--v-if-->
        </tr>
        
        
      </thead>
      <tfoot>
        
        
      </tfoot>
      <tbody
        class="vuetable-body"
      >
        
        
        <tr>
          <td
            class="vuetable-empty-result"
            colspan="2"
          >
            No Data Available
          </td>
        </tr>
        
        
      </tbody>
    </table>
  </div>
</div>
`;
